app/api/investor/deal-flow/route.ts(32,15): error TS2345: Argument of type 'Record<string, number>' is not assignable to parameter of type 'string | Record<string, SortOrder | { $meta: any; }> | [string, SortOrder][] | null | undefined'.
  Type 'Record<string, number>' is missing the following properties from type '[string, SortOrder][]': length, pop, push, concat, and 35 more.
